  Geri yüklenecek projeler belirleniyor...
  Geri yükleme için tüm projeler güncel.
  KamatekCrm.Shared -> c:\Antigravity Proje\KamatekCrm\KamatekCrm.Shared\bin\Debug\net9.0\KamatekCrm.Shared.dll
  KamatekCrm.Web -> c:\Antigravity Proje\KamatekCrm.Web\bin\Debug\net9.0\KamatekCrm.Web.dll
  KamatekCrm.API -> c:\Antigravity Proje\KamatekCrm.API\bin\Debug\net9.0\KamatekCrm.API.dll
c:\Antigravity Proje\KamatekCrm\Services\ThemeService.cs(106,63): error CS0103: 'WindowBackdropType' adı geçerli bağlamda yok [c:\Antigravity Proje\KamatekCrm\KamatekCrm_zvi1zmz4_wpftmp.csproj]
c:\Antigravity Proje\KamatekCrm\ViewModels\UsersViewModel.cs(158,71): warning CS8604: 'void IToastService.ShowError(string message, string title = "Hata")' içindeki 'title' parametresi için olası null başvuru bağımsız değişkeni. [c:\Antigravity Proje\KamatekCrm\KamatekCrm_zvi1zmz4_wpftmp.csproj]
c:\Antigravity Proje\KamatekCrm\ViewModels\AddUserViewModel.cs(270,64): warning CS8604: 'void IToastService.ShowError(string message, string title = "Hata")' içindeki 'title' parametresi için olası null başvuru bağımsız değişkeni. [c:\Antigravity Proje\KamatekCrm\KamatekCrm_zvi1zmz4_wpftmp.csproj]
c:\Antigravity Proje\KamatekCrm\ViewModels\UsersViewModel.cs(327,90): warning CS8604: 'void IToastService.ShowError(string message, string title = "Hata")' içindeki 'title' parametresi için olası null başvuru bağımsız değişkeni. [c:\Antigravity Proje\KamatekCrm\KamatekCrm_zvi1zmz4_wpftmp.csproj]
c:\Antigravity Proje\KamatekCrm\ViewModels\UsersViewModel.cs(368,72): warning CS8604: 'void IToastService.ShowError(string message, string title = "Hata")' içindeki 'title' parametresi için olası null başvuru bağımsız değişkeni. [c:\Antigravity Proje\KamatekCrm\KamatekCrm_zvi1zmz4_wpftmp.csproj]
c:\Antigravity Proje\KamatekCrm\ViewModels\CustomerViewModel.cs(342,29): warning CS8602: Olası bir null başvurunun başvurma işlemi. [c:\Antigravity Proje\KamatekCrm\KamatekCrm_zvi1zmz4_wpftmp.csproj]
c:\Antigravity Proje\KamatekCrm\ViewModels\EditUserViewModel.cs(242,53): warning CS8604: 'void IToastService.ShowError(string message, string title = "Hata")' içindeki 'title' parametresi için olası null başvuru bağımsız değişkeni. [c:\Antigravity Proje\KamatekCrm\KamatekCrm_zvi1zmz4_wpftmp.csproj]
c:\Antigravity Proje\KamatekCrm\ViewModels\SettingsViewModel.cs(23,87): error CS0117: 'ThemeService' bir 'CurrentTheme' tanımı içermiyor [c:\Antigravity Proje\KamatekCrm\KamatekCrm_zvi1zmz4_wpftmp.csproj]
c:\Antigravity Proje\KamatekCrm\ViewModels\ServiceJobViewModel.cs(1726,32): warning CS8602: Olası bir null başvurunun başvurma işlemi. [c:\Antigravity Proje\KamatekCrm\KamatekCrm_zvi1zmz4_wpftmp.csproj]

Oluşturma BAŞARISIZ OLDU.

c:\Antigravity Proje\KamatekCrm\ViewModels\UsersViewModel.cs(158,71): warning CS8604: 'void IToastService.ShowError(string message, string title = "Hata")' içindeki 'title' parametresi için olası null başvuru bağımsız değişkeni. [c:\Antigravity Proje\KamatekCrm\KamatekCrm_zvi1zmz4_wpftmp.csproj]
c:\Antigravity Proje\KamatekCrm\ViewModels\AddUserViewModel.cs(270,64): warning CS8604: 'void IToastService.ShowError(string message, string title = "Hata")' içindeki 'title' parametresi için olası null başvuru bağımsız değişkeni. [c:\Antigravity Proje\KamatekCrm\KamatekCrm_zvi1zmz4_wpftmp.csproj]
c:\Antigravity Proje\KamatekCrm\ViewModels\UsersViewModel.cs(327,90): warning CS8604: 'void IToastService.ShowError(string message, string title = "Hata")' içindeki 'title' parametresi için olası null başvuru bağımsız değişkeni. [c:\Antigravity Proje\KamatekCrm\KamatekCrm_zvi1zmz4_wpftmp.csproj]
c:\Antigravity Proje\KamatekCrm\ViewModels\UsersViewModel.cs(368,72): warning CS8604: 'void IToastService.ShowError(string message, string title = "Hata")' içindeki 'title' parametresi için olası null başvuru bağımsız değişkeni. [c:\Antigravity Proje\KamatekCrm\KamatekCrm_zvi1zmz4_wpftmp.csproj]
c:\Antigravity Proje\KamatekCrm\ViewModels\CustomerViewModel.cs(342,29): warning CS8602: Olası bir null başvurunun başvurma işlemi. [c:\Antigravity Proje\KamatekCrm\KamatekCrm_zvi1zmz4_wpftmp.csproj]
c:\Antigravity Proje\KamatekCrm\ViewModels\EditUserViewModel.cs(242,53): warning CS8604: 'void IToastService.ShowError(string message, string title = "Hata")' içindeki 'title' parametresi için olası null başvuru bağımsız değişkeni. [c:\Antigravity Proje\KamatekCrm\KamatekCrm_zvi1zmz4_wpftmp.csproj]
c:\Antigravity Proje\KamatekCrm\ViewModels\ServiceJobViewModel.cs(1726,32): warning CS8602: Olası bir null başvurunun başvurma işlemi. [c:\Antigravity Proje\KamatekCrm\KamatekCrm_zvi1zmz4_wpftmp.csproj]
c:\Antigravity Proje\KamatekCrm\Services\ThemeService.cs(106,63): error CS0103: 'WindowBackdropType' adı geçerli bağlamda yok [c:\Antigravity Proje\KamatekCrm\KamatekCrm_zvi1zmz4_wpftmp.csproj]
c:\Antigravity Proje\KamatekCrm\ViewModels\SettingsViewModel.cs(23,87): error CS0117: 'ThemeService' bir 'CurrentTheme' tanımı içermiyor [c:\Antigravity Proje\KamatekCrm\KamatekCrm_zvi1zmz4_wpftmp.csproj]
    7 Uyarı
    2 Hata

Geçen Süre 00:00:03.22
