  Geri yüklenecek projeler belirleniyor...
  Geri yükleme için tüm projeler güncel.
  KamatekCrm.Shared -> C:\Antigravity Proje\KamatekCRM\KamatekCrm\KamatekCrm.Shared\bin\Debug\net9.0\KamatekCrm.Shared.dll
C:\Antigravity Proje\KamatekCRM\KamatekCrm\Services\AttachmentService.cs(74,34): error CS0120: 'AuthService.CurrentUser' statik olmayan alanı, yöntemi veya özelliği için nesne başvurusu gerekiyor [C:\Antigravity Proje\KamatekCRM\KamatekCrm\KamatekCrm_wm4vpnub_wpftmp.csproj]
C:\Antigravity Proje\KamatekCRM\KamatekCrm\Services\AttachmentService.cs(117,34): error CS0120: 'AuthService.CurrentUser' statik olmayan alanı, yöntemi veya özelliği için nesne başvurusu gerekiyor [C:\Antigravity Proje\KamatekCRM\KamatekCrm\KamatekCrm_wm4vpnub_wpftmp.csproj]
C:\Antigravity Proje\KamatekCRM\KamatekCrm\Services\AuditService.cs(37,34): error CS0120: 'AuthService.CurrentUser' statik olmayan alanı, yöntemi veya özelliği için nesne başvurusu gerekiyor [C:\Antigravity Proje\KamatekCRM\KamatekCrm\KamatekCrm_wm4vpnub_wpftmp.csproj]
C:\Antigravity Proje\KamatekCRM\KamatekCrm\Services\AuditService.cs(38,36): error CS0120: 'AuthService.CurrentUser' statik olmayan alanı, yöntemi veya özelliği için nesne başvurusu gerekiyor [C:\Antigravity Proje\KamatekCRM\KamatekCrm\KamatekCrm_wm4vpnub_wpftmp.csproj]
C:\Antigravity Proje\KamatekCRM\KamatekCrm\Services\AuditService.cs(73,30): error CS0120: 'AuthService.CurrentUser' statik olmayan alanı, yöntemi veya özelliği için nesne başvurusu gerekiyor [C:\Antigravity Proje\KamatekCRM\KamatekCrm\KamatekCrm_wm4vpnub_wpftmp.csproj]
C:\Antigravity Proje\KamatekCRM\KamatekCrm\Services\AuditService.cs(74,32): error CS0120: 'AuthService.CurrentUser' statik olmayan alanı, yöntemi veya özelliği için nesne başvurusu gerekiyor [C:\Antigravity Proje\KamatekCRM\KamatekCrm\KamatekCrm_wm4vpnub_wpftmp.csproj]
C:\Antigravity Proje\KamatekCRM\KamatekCrm\Services\AuditService.cs(107,28): error CS0120: 'AuthService.CurrentUser' statik olmayan alanı, yöntemi veya özelliği için nesne başvurusu gerekiyor [C:\Antigravity Proje\KamatekCRM\KamatekCrm\KamatekCrm_wm4vpnub_wpftmp.csproj]
C:\Antigravity Proje\KamatekCRM\KamatekCrm\ViewModels\UsersViewModel.cs(56,37): error CS0120: 'AuthService.CurrentUser' statik olmayan alanı, yöntemi veya özelliği için nesne başvurusu gerekiyor [C:\Antigravity Proje\KamatekCRM\KamatekCrm\KamatekCrm_wm4vpnub_wpftmp.csproj]
C:\Antigravity Proje\KamatekCRM\KamatekCrm\ViewModels\UsersViewModel.cs(61,42): error CS0120: 'AuthService.CurrentUser' statik olmayan alanı, yöntemi veya özelliği için nesne başvurusu gerekiyor [C:\Antigravity Proje\KamatekCRM\KamatekCrm\KamatekCrm_wm4vpnub_wpftmp.csproj]
C:\Antigravity Proje\KamatekCRM\KamatekCrm\ViewModels\UsersViewModel.cs(66,57): error CS0120: 'AuthService.CurrentUser' statik olmayan alanı, yöntemi veya özelliği için nesne başvurusu gerekiyor [C:\Antigravity Proje\KamatekCRM\KamatekCrm\KamatekCrm_wm4vpnub_wpftmp.csproj]
C:\Antigravity Proje\KamatekCRM\KamatekCrm\ViewModels\UsersViewModel.cs(71,32): error CS0120: 'AuthService.IsAdmin' statik olmayan alanı, yöntemi veya özelliği için nesne başvurusu gerekiyor [C:\Antigravity Proje\KamatekCRM\KamatekCrm\KamatekCrm_wm4vpnub_wpftmp.csproj]
C:\Antigravity Proje\KamatekCRM\KamatekCrm\Services\Domain\InventoryDomainService.cs(274,34): error CS0120: 'AuthService.CurrentUser' statik olmayan alanı, yöntemi veya özelliği için nesne başvurusu gerekiyor [C:\Antigravity Proje\KamatekCRM\KamatekCrm\KamatekCrm_wm4vpnub_wpftmp.csproj]
C:\Antigravity Proje\KamatekCRM\KamatekCrm\ViewModels\AddUserViewModel.cs(206,48): error CS0122: 'AuthService.HashPassword(string)' öğesine koruma düzeyi nedeniyle erişilemiyor [C:\Antigravity Proje\KamatekCRM\KamatekCrm\KamatekCrm_wm4vpnub_wpftmp.csproj]
C:\Antigravity Proje\KamatekCRM\KamatekCrm\ViewModels\UsersViewModel.cs(275,57): error CS0122: 'AuthService.HashPassword(string)' öğesine koruma düzeyi nedeniyle erişilemiyor [C:\Antigravity Proje\KamatekCRM\KamatekCrm\KamatekCrm_wm4vpnub_wpftmp.csproj]
C:\Antigravity Proje\KamatekCRM\KamatekCrm\ViewModels\SystemLogsViewModel.cs(143,32): error CS0120: 'AuthService.IsAdmin' statik olmayan alanı, yöntemi veya özelliği için nesne başvurusu gerekiyor [C:\Antigravity Proje\KamatekCRM\KamatekCrm\KamatekCrm_wm4vpnub_wpftmp.csproj]
C:\Antigravity Proje\KamatekCRM\KamatekCrm\ViewModels\MainContentViewModel.cs(98,42): error CS0120: 'AuthService.CurrentUser' statik olmayan alanı, yöntemi veya özelliği için nesne başvurusu gerekiyor [C:\Antigravity Proje\KamatekCRM\KamatekCrm\KamatekCrm_wm4vpnub_wpftmp.csproj]
C:\Antigravity Proje\KamatekCRM\KamatekCrm\ViewModels\MainContentViewModel.cs(103,57): error CS0120: 'AuthService.CurrentUser' statik olmayan alanı, yöntemi veya özelliği için nesne başvurusu gerekiyor [C:\Antigravity Proje\KamatekCRM\KamatekCrm\KamatekCrm_wm4vpnub_wpftmp.csproj]
C:\Antigravity Proje\KamatekCRM\KamatekCrm\ViewModels\MainContentViewModel.cs(108,32): error CS0120: 'AuthService.IsAdmin' statik olmayan alanı, yöntemi veya özelliği için nesne başvurusu gerekiyor [C:\Antigravity Proje\KamatekCRM\KamatekCrm\KamatekCrm_wm4vpnub_wpftmp.csproj]
C:\Antigravity Proje\KamatekCRM\KamatekCrm\ViewModels\LoginViewModel.cs(95,97): error CS0103: 'CanLogin' adı geçerli bağlamda yok [C:\Antigravity Proje\KamatekCRM\KamatekCrm\KamatekCrm_wm4vpnub_wpftmp.csproj]
C:\Antigravity Proje\KamatekCRM\KamatekCrm\ViewModels\LoginViewModel.cs(98,13): error CS0103: 'LoadSavedCredentials' adı geçerli bağlamda yok [C:\Antigravity Proje\KamatekCRM\KamatekCrm\KamatekCrm_wm4vpnub_wpftmp.csproj]
C:\Antigravity Proje\KamatekCRM\KamatekCrm\ViewModels\PasswordResetViewModel.cs(189,51): error CS0122: 'AuthService.HashPassword(string)' öğesine koruma düzeyi nedeniyle erişilemiyor [C:\Antigravity Proje\KamatekCRM\KamatekCrm\KamatekCrm_wm4vpnub_wpftmp.csproj]
C:\Antigravity Proje\KamatekCRM\KamatekCrm\ViewModels\MainContentViewModel.cs(152,39): error CS0120: 'AuthService.CanViewFinance' statik olmayan alanı, yöntemi veya özelliği için nesne başvurusu gerekiyor [C:\Antigravity Proje\KamatekCRM\KamatekCrm\KamatekCrm_wm4vpnub_wpftmp.csproj]
C:\Antigravity Proje\KamatekCRM\KamatekCrm\ViewModels\MainContentViewModel.cs(153,41): error CS0120: 'AuthService.CanViewAnalytics' statik olmayan alanı, yöntemi veya özelliği için nesne başvurusu gerekiyor [C:\Antigravity Proje\KamatekCRM\KamatekCrm\KamatekCrm_wm4vpnub_wpftmp.csproj]
C:\Antigravity Proje\KamatekCRM\KamatekCrm\ViewModels\MainContentViewModel.cs(154,42): error CS0120: 'AuthService.CanAccessSettings' statik olmayan alanı, yöntemi veya özelliği için nesne başvurusu gerekiyor [C:\Antigravity Proje\KamatekCRM\KamatekCrm\KamatekCrm_wm4vpnub_wpftmp.csproj]
C:\Antigravity Proje\KamatekCRM\KamatekCrm\ViewModels\LoginViewModel.cs(165,21): error CS0103: 'SaveCredentials' adı geçerli bağlamda yok [C:\Antigravity Proje\KamatekCRM\KamatekCrm\KamatekCrm_wm4vpnub_wpftmp.csproj]
C:\Antigravity Proje\KamatekCRM\KamatekCrm\ViewModels\LoginViewModel.cs(168,39): error CS0117: 'NavigationService' bir 'Instance' tanımı içermiyor [C:\Antigravity Proje\KamatekCRM\KamatekCrm\KamatekCrm_wm4vpnub_wpftmp.csproj]
C:\Antigravity Proje\KamatekCRM\KamatekCrm\ViewModels\LoginViewModel.cs(150,25): warning CS0472: 'bool' türünün değeri asla 'bool?' türünün 'null' değerine eşit olmadığından ifadenin sonucu her zaman 'true' [C:\Antigravity Proje\KamatekCRM\KamatekCrm\KamatekCrm_wm4vpnub_wpftmp.csproj]
C:\Antigravity Proje\KamatekCRM\KamatekCrm\ViewModels\MainContentViewModel.cs(293,13): error CS0120: 'AuthService.Logout()' statik olmayan alanı, yöntemi veya özelliği için nesne başvurusu gerekiyor [C:\Antigravity Proje\KamatekCRM\KamatekCrm\KamatekCrm_wm4vpnub_wpftmp.csproj]
C:\Antigravity Proje\KamatekCRM\KamatekCrm\ViewModels\MainContentViewModel.cs(294,31): error CS0117: 'NavigationService' bir 'Instance' tanımı içermiyor [C:\Antigravity Proje\KamatekCRM\KamatekCrm\KamatekCrm_wm4vpnub_wpftmp.csproj]
C:\Antigravity Proje\KamatekCRM\KamatekCrm\ViewModels\RepairViewModel.cs(492,33): error CS0120: 'AuthService.CurrentUser' statik olmayan alanı, yöntemi veya özelliği için nesne başvurusu gerekiyor [C:\Antigravity Proje\KamatekCRM\KamatekCrm\KamatekCrm_wm4vpnub_wpftmp.csproj]
C:\Antigravity Proje\KamatekCRM\KamatekCrm\ViewModels\DashboardViewModel.cs(30,55): error CS0120: 'AuthService.CurrentUser' statik olmayan alanı, yöntemi veya özelliği için nesne başvurusu gerekiyor [C:\Antigravity Proje\KamatekCRM\KamatekCrm\KamatekCrm_wm4vpnub_wpftmp.csproj]
C:\Antigravity Proje\KamatekCRM\KamatekCrm\ViewModels\FinanceViewModel.cs(265,33): error CS0120: 'AuthService.CurrentUser' statik olmayan alanı, yöntemi veya özelliği için nesne başvurusu gerekiyor [C:\Antigravity Proje\KamatekCRM\KamatekCrm\KamatekCrm_wm4vpnub_wpftmp.csproj]
C:\Antigravity Proje\KamatekCRM\KamatekCrm\ViewModels\FinanceViewModel.cs(289,52): error CS0120: 'AuthService.IsAdmin' statik olmayan alanı, yöntemi veya özelliği için nesne başvurusu gerekiyor [C:\Antigravity Proje\KamatekCRM\KamatekCrm\KamatekCrm_wm4vpnub_wpftmp.csproj]
C:\Antigravity Proje\KamatekCRM\KamatekCrm\ViewModels\DirectSalesViewModel.cs(322,29): error CS0120: 'AuthService.CurrentUser' statik olmayan alanı, yöntemi veya özelliği için nesne başvurusu gerekiyor [C:\Antigravity Proje\KamatekCRM\KamatekCrm\KamatekCrm_wm4vpnub_wpftmp.csproj]
C:\Antigravity Proje\KamatekCRM\KamatekCrm\ViewModels\CustomerViewModel.cs(465,49): error CS0117: 'NavigationService' bir 'Instance' tanımı içermiyor [C:\Antigravity Proje\KamatekCRM\KamatekCrm\KamatekCrm_wm4vpnub_wpftmp.csproj]

Oluşturma BAŞARISIZ OLDU.

C:\Antigravity Proje\KamatekCRM\KamatekCrm\ViewModels\LoginViewModel.cs(150,25): warning CS0472: 'bool' türünün değeri asla 'bool?' türünün 'null' değerine eşit olmadığından ifadenin sonucu her zaman 'true' [C:\Antigravity Proje\KamatekCRM\KamatekCrm\KamatekCrm_wm4vpnub_wpftmp.csproj]
C:\Antigravity Proje\KamatekCRM\KamatekCrm\Services\AttachmentService.cs(74,34): error CS0120: 'AuthService.CurrentUser' statik olmayan alanı, yöntemi veya özelliği için nesne başvurusu gerekiyor [C:\Antigravity Proje\KamatekCRM\KamatekCrm\KamatekCrm_wm4vpnub_wpftmp.csproj]
C:\Antigravity Proje\KamatekCRM\KamatekCrm\Services\AttachmentService.cs(117,34): error CS0120: 'AuthService.CurrentUser' statik olmayan alanı, yöntemi veya özelliği için nesne başvurusu gerekiyor [C:\Antigravity Proje\KamatekCRM\KamatekCrm\KamatekCrm_wm4vpnub_wpftmp.csproj]
C:\Antigravity Proje\KamatekCRM\KamatekCrm\Services\AuditService.cs(37,34): error CS0120: 'AuthService.CurrentUser' statik olmayan alanı, yöntemi veya özelliği için nesne başvurusu gerekiyor [C:\Antigravity Proje\KamatekCRM\KamatekCrm\KamatekCrm_wm4vpnub_wpftmp.csproj]
C:\Antigravity Proje\KamatekCRM\KamatekCrm\Services\AuditService.cs(38,36): error CS0120: 'AuthService.CurrentUser' statik olmayan alanı, yöntemi veya özelliği için nesne başvurusu gerekiyor [C:\Antigravity Proje\KamatekCRM\KamatekCrm\KamatekCrm_wm4vpnub_wpftmp.csproj]
C:\Antigravity Proje\KamatekCRM\KamatekCrm\Services\AuditService.cs(73,30): error CS0120: 'AuthService.CurrentUser' statik olmayan alanı, yöntemi veya özelliği için nesne başvurusu gerekiyor [C:\Antigravity Proje\KamatekCRM\KamatekCrm\KamatekCrm_wm4vpnub_wpftmp.csproj]
C:\Antigravity Proje\KamatekCRM\KamatekCrm\Services\AuditService.cs(74,32): error CS0120: 'AuthService.CurrentUser' statik olmayan alanı, yöntemi veya özelliği için nesne başvurusu gerekiyor [C:\Antigravity Proje\KamatekCRM\KamatekCrm\KamatekCrm_wm4vpnub_wpftmp.csproj]
C:\Antigravity Proje\KamatekCRM\KamatekCrm\Services\AuditService.cs(107,28): error CS0120: 'AuthService.CurrentUser' statik olmayan alanı, yöntemi veya özelliği için nesne başvurusu gerekiyor [C:\Antigravity Proje\KamatekCRM\KamatekCrm\KamatekCrm_wm4vpnub_wpftmp.csproj]
C:\Antigravity Proje\KamatekCRM\KamatekCrm\ViewModels\UsersViewModel.cs(56,37): error CS0120: 'AuthService.CurrentUser' statik olmayan alanı, yöntemi veya özelliği için nesne başvurusu gerekiyor [C:\Antigravity Proje\KamatekCRM\KamatekCrm\KamatekCrm_wm4vpnub_wpftmp.csproj]
C:\Antigravity Proje\KamatekCRM\KamatekCrm\ViewModels\UsersViewModel.cs(61,42): error CS0120: 'AuthService.CurrentUser' statik olmayan alanı, yöntemi veya özelliği için nesne başvurusu gerekiyor [C:\Antigravity Proje\KamatekCRM\KamatekCrm\KamatekCrm_wm4vpnub_wpftmp.csproj]
C:\Antigravity Proje\KamatekCRM\KamatekCrm\ViewModels\UsersViewModel.cs(66,57): error CS0120: 'AuthService.CurrentUser' statik olmayan alanı, yöntemi veya özelliği için nesne başvurusu gerekiyor [C:\Antigravity Proje\KamatekCRM\KamatekCrm\KamatekCrm_wm4vpnub_wpftmp.csproj]
C:\Antigravity Proje\KamatekCRM\KamatekCrm\ViewModels\UsersViewModel.cs(71,32): error CS0120: 'AuthService.IsAdmin' statik olmayan alanı, yöntemi veya özelliği için nesne başvurusu gerekiyor [C:\Antigravity Proje\KamatekCRM\KamatekCrm\KamatekCrm_wm4vpnub_wpftmp.csproj]
C:\Antigravity Proje\KamatekCRM\KamatekCrm\Services\Domain\InventoryDomainService.cs(274,34): error CS0120: 'AuthService.CurrentUser' statik olmayan alanı, yöntemi veya özelliği için nesne başvurusu gerekiyor [C:\Antigravity Proje\KamatekCRM\KamatekCrm\KamatekCrm_wm4vpnub_wpftmp.csproj]
C:\Antigravity Proje\KamatekCRM\KamatekCrm\ViewModels\AddUserViewModel.cs(206,48): error CS0122: 'AuthService.HashPassword(string)' öğesine koruma düzeyi nedeniyle erişilemiyor [C:\Antigravity Proje\KamatekCRM\KamatekCrm\KamatekCrm_wm4vpnub_wpftmp.csproj]
C:\Antigravity Proje\KamatekCRM\KamatekCrm\ViewModels\UsersViewModel.cs(275,57): error CS0122: 'AuthService.HashPassword(string)' öğesine koruma düzeyi nedeniyle erişilemiyor [C:\Antigravity Proje\KamatekCRM\KamatekCrm\KamatekCrm_wm4vpnub_wpftmp.csproj]
C:\Antigravity Proje\KamatekCRM\KamatekCrm\ViewModels\SystemLogsViewModel.cs(143,32): error CS0120: 'AuthService.IsAdmin' statik olmayan alanı, yöntemi veya özelliği için nesne başvurusu gerekiyor [C:\Antigravity Proje\KamatekCRM\KamatekCrm\KamatekCrm_wm4vpnub_wpftmp.csproj]
C:\Antigravity Proje\KamatekCRM\KamatekCrm\ViewModels\MainContentViewModel.cs(98,42): error CS0120: 'AuthService.CurrentUser' statik olmayan alanı, yöntemi veya özelliği için nesne başvurusu gerekiyor [C:\Antigravity Proje\KamatekCRM\KamatekCrm\KamatekCrm_wm4vpnub_wpftmp.csproj]
C:\Antigravity Proje\KamatekCRM\KamatekCrm\ViewModels\MainContentViewModel.cs(103,57): error CS0120: 'AuthService.CurrentUser' statik olmayan alanı, yöntemi veya özelliği için nesne başvurusu gerekiyor [C:\Antigravity Proje\KamatekCRM\KamatekCrm\KamatekCrm_wm4vpnub_wpftmp.csproj]
C:\Antigravity Proje\KamatekCRM\KamatekCrm\ViewModels\MainContentViewModel.cs(108,32): error CS0120: 'AuthService.IsAdmin' statik olmayan alanı, yöntemi veya özelliği için nesne başvurusu gerekiyor [C:\Antigravity Proje\KamatekCRM\KamatekCrm\KamatekCrm_wm4vpnub_wpftmp.csproj]
C:\Antigravity Proje\KamatekCRM\KamatekCrm\ViewModels\LoginViewModel.cs(95,97): error CS0103: 'CanLogin' adı geçerli bağlamda yok [C:\Antigravity Proje\KamatekCRM\KamatekCrm\KamatekCrm_wm4vpnub_wpftmp.csproj]
C:\Antigravity Proje\KamatekCRM\KamatekCrm\ViewModels\LoginViewModel.cs(98,13): error CS0103: 'LoadSavedCredentials' adı geçerli bağlamda yok [C:\Antigravity Proje\KamatekCRM\KamatekCrm\KamatekCrm_wm4vpnub_wpftmp.csproj]
C:\Antigravity Proje\KamatekCRM\KamatekCrm\ViewModels\PasswordResetViewModel.cs(189,51): error CS0122: 'AuthService.HashPassword(string)' öğesine koruma düzeyi nedeniyle erişilemiyor [C:\Antigravity Proje\KamatekCRM\KamatekCrm\KamatekCrm_wm4vpnub_wpftmp.csproj]
C:\Antigravity Proje\KamatekCRM\KamatekCrm\ViewModels\MainContentViewModel.cs(152,39): error CS0120: 'AuthService.CanViewFinance' statik olmayan alanı, yöntemi veya özelliği için nesne başvurusu gerekiyor [C:\Antigravity Proje\KamatekCRM\KamatekCrm\KamatekCrm_wm4vpnub_wpftmp.csproj]
C:\Antigravity Proje\KamatekCRM\KamatekCrm\ViewModels\MainContentViewModel.cs(153,41): error CS0120: 'AuthService.CanViewAnalytics' statik olmayan alanı, yöntemi veya özelliği için nesne başvurusu gerekiyor [C:\Antigravity Proje\KamatekCRM\KamatekCrm\KamatekCrm_wm4vpnub_wpftmp.csproj]
C:\Antigravity Proje\KamatekCRM\KamatekCrm\ViewModels\MainContentViewModel.cs(154,42): error CS0120: 'AuthService.CanAccessSettings' statik olmayan alanı, yöntemi veya özelliği için nesne başvurusu gerekiyor [C:\Antigravity Proje\KamatekCRM\KamatekCrm\KamatekCrm_wm4vpnub_wpftmp.csproj]
C:\Antigravity Proje\KamatekCRM\KamatekCrm\ViewModels\LoginViewModel.cs(165,21): error CS0103: 'SaveCredentials' adı geçerli bağlamda yok [C:\Antigravity Proje\KamatekCRM\KamatekCrm\KamatekCrm_wm4vpnub_wpftmp.csproj]
C:\Antigravity Proje\KamatekCRM\KamatekCrm\ViewModels\LoginViewModel.cs(168,39): error CS0117: 'NavigationService' bir 'Instance' tanımı içermiyor [C:\Antigravity Proje\KamatekCRM\KamatekCrm\KamatekCrm_wm4vpnub_wpftmp.csproj]
C:\Antigravity Proje\KamatekCRM\KamatekCrm\ViewModels\MainContentViewModel.cs(293,13): error CS0120: 'AuthService.Logout()' statik olmayan alanı, yöntemi veya özelliği için nesne başvurusu gerekiyor [C:\Antigravity Proje\KamatekCRM\KamatekCrm\KamatekCrm_wm4vpnub_wpftmp.csproj]
C:\Antigravity Proje\KamatekCRM\KamatekCrm\ViewModels\MainContentViewModel.cs(294,31): error CS0117: 'NavigationService' bir 'Instance' tanımı içermiyor [C:\Antigravity Proje\KamatekCRM\KamatekCrm\KamatekCrm_wm4vpnub_wpftmp.csproj]
C:\Antigravity Proje\KamatekCRM\KamatekCrm\ViewModels\RepairViewModel.cs(492,33): error CS0120: 'AuthService.CurrentUser' statik olmayan alanı, yöntemi veya özelliği için nesne başvurusu gerekiyor [C:\Antigravity Proje\KamatekCRM\KamatekCrm\KamatekCrm_wm4vpnub_wpftmp.csproj]
C:\Antigravity Proje\KamatekCRM\KamatekCrm\ViewModels\DashboardViewModel.cs(30,55): error CS0120: 'AuthService.CurrentUser' statik olmayan alanı, yöntemi veya özelliği için nesne başvurusu gerekiyor [C:\Antigravity Proje\KamatekCRM\KamatekCrm\KamatekCrm_wm4vpnub_wpftmp.csproj]
C:\Antigravity Proje\KamatekCRM\KamatekCrm\ViewModels\FinanceViewModel.cs(265,33): error CS0120: 'AuthService.CurrentUser' statik olmayan alanı, yöntemi veya özelliği için nesne başvurusu gerekiyor [C:\Antigravity Proje\KamatekCRM\KamatekCrm\KamatekCrm_wm4vpnub_wpftmp.csproj]
C:\Antigravity Proje\KamatekCRM\KamatekCrm\ViewModels\FinanceViewModel.cs(289,52): error CS0120: 'AuthService.IsAdmin' statik olmayan alanı, yöntemi veya özelliği için nesne başvurusu gerekiyor [C:\Antigravity Proje\KamatekCRM\KamatekCrm\KamatekCrm_wm4vpnub_wpftmp.csproj]
C:\Antigravity Proje\KamatekCRM\KamatekCrm\ViewModels\DirectSalesViewModel.cs(322,29): error CS0120: 'AuthService.CurrentUser' statik olmayan alanı, yöntemi veya özelliği için nesne başvurusu gerekiyor [C:\Antigravity Proje\KamatekCRM\KamatekCrm\KamatekCrm_wm4vpnub_wpftmp.csproj]
C:\Antigravity Proje\KamatekCRM\KamatekCrm\ViewModels\CustomerViewModel.cs(465,49): error CS0117: 'NavigationService' bir 'Instance' tanımı içermiyor [C:\Antigravity Proje\KamatekCRM\KamatekCrm\KamatekCrm_wm4vpnub_wpftmp.csproj]
    1 Uyarı
    34 Hata

Geçen Süre 00:00:02.81
