  Geri y├╝klenecek projeler belirleniyor...
  Geri y├╝kleme i├ğin t├╝m projeler g├╝ncel.
  KamatekCrm.Shared -> C:\Antigravity Proje\KamatekCRM\KamatekCrm\KamatekCrm.Shared\bin\Debug\net8.0\KamatekCrm.Shared.dll
  KamatekCrm.API -> C:\Antigravity Proje\KamatekCRM\KamatekCrm\KamatekCrm.API\bin\Debug\net8.0\KamatekCrm.API.dll
C:\Antigravity Proje\KamatekCRM\KamatekCrm\Helpers\EnumToBooleanConverter.cs(15,33): warning CS8600: Null sabit de─şeri veya olas─▒ null de─şeri, bo┼ş de─şer atanamaz t├╝re d├Ân├╝┼şt├╝r├╝l├╝yor. [C:\Antigravity Proje\KamatekCRM\KamatekCrm\KamatekCrm_q1la20rw_wpftmp.csproj]
C:\Antigravity Proje\KamatekCRM\KamatekCrm\Helpers\EnumToBooleanConverter.cs(16,34): warning CS8600: Null sabit de─şeri veya olas─▒ null de─şeri, bo┼ş de─şer atanamaz t├╝re d├Ân├╝┼şt├╝r├╝l├╝yor. [C:\Antigravity Proje\KamatekCRM\KamatekCrm\KamatekCrm_q1la20rw_wpftmp.csproj]
C:\Antigravity Proje\KamatekCRM\KamatekCrm\Helpers\EnumToBooleanConverter.cs(18,20): warning CS8602: Olas─▒ bir null ba┼şvurunun ba┼şvurma i┼şlemi. [C:\Antigravity Proje\KamatekCRM\KamatekCrm\KamatekCrm_q1la20rw_wpftmp.csproj]
C:\Antigravity Proje\KamatekCRM\KamatekCrm\Helpers\EnumToVisibilityConverter.cs(15,33): warning CS8600: Null sabit de─şeri veya olas─▒ null de─şeri, bo┼ş de─şer atanamaz t├╝re d├Ân├╝┼şt├╝r├╝l├╝yor. [C:\Antigravity Proje\KamatekCRM\KamatekCrm\KamatekCrm_q1la20rw_wpftmp.csproj]
C:\Antigravity Proje\KamatekCRM\KamatekCrm\Helpers\EnumToVisibilityConverter.cs(16,34): warning CS8600: Null sabit de─şeri veya olas─▒ null de─şeri, bo┼ş de─şer atanamaz t├╝re d├Ân├╝┼şt├╝r├╝l├╝yor. [C:\Antigravity Proje\KamatekCRM\KamatekCrm\KamatekCrm_q1la20rw_wpftmp.csproj]
C:\Antigravity Proje\KamatekCRM\KamatekCrm\Helpers\EnumToVisibilityConverter.cs(19,20): warning CS8602: Olas─▒ bir null ba┼şvurunun ba┼şvurma i┼şlemi. [C:\Antigravity Proje\KamatekCRM\KamatekCrm\KamatekCrm_q1la20rw_wpftmp.csproj]
C:\Antigravity Proje\KamatekCRM\KamatekCrm\Helpers\EnumToBooleanConverter.cs(27,34): warning CS8600: Null sabit de─şeri veya olas─▒ null de─şeri, bo┼ş de─şer atanamaz t├╝re d├Ân├╝┼şt├╝r├╝l├╝yor. [C:\Antigravity Proje\KamatekCRM\KamatekCrm\KamatekCrm_q1la20rw_wpftmp.csproj]
C:\Antigravity Proje\KamatekCRM\KamatekCrm\Helpers\EnumToBooleanConverter.cs(30,47): warning CS8604: 'object Enum.Parse(Type enumType, string value)' i├ğindeki 'value' parametresi i├ğin olas─▒ null ba┼şvuru ba─ş─▒ms─▒z de─şi┼şkeni. [C:\Antigravity Proje\KamatekCRM\KamatekCrm\KamatekCrm_q1la20rw_wpftmp.csproj]
C:\Antigravity Proje\KamatekCRM\KamatekCrm\Services\AttachmentService.cs(75,35): warning CS8601: Olas─▒ null ba┼şvuru atamas─▒. [C:\Antigravity Proje\KamatekCRM\KamatekCrm\KamatekCrm_q1la20rw_wpftmp.csproj]
C:\Antigravity Proje\KamatekCRM\KamatekCrm\Services\AttachmentService.cs(118,35): warning CS8601: Olas─▒ null ba┼şvuru atamas─▒. [C:\Antigravity Proje\KamatekCRM\KamatekCrm\KamatekCrm_q1la20rw_wpftmp.csproj]
C:\Antigravity Proje\KamatekCRM\KamatekCrm\ViewModels\AddProductViewModel.cs(85,25): warning CS8602: Olas─▒ bir null ba┼şvurunun ba┼şvurma i┼şlemi. [C:\Antigravity Proje\KamatekCRM\KamatekCrm\KamatekCrm_q1la20rw_wpftmp.csproj]
C:\Antigravity Proje\KamatekCRM\KamatekCrm\ViewModels\AddProductViewModel.cs(36,16): warning CS8618: Null atanamaz alan '_currentSpecs', olu┼şturucudan ├ğ─▒k─▒┼ş yaparken null olmayan bir de─şer i├ğermelidir. 'Gerekli' de─şi┼ştiricisini ekleyin veya alan de─şerini null atanabilir olarak bildirmeyi g├Âz ├Ân├╝nde bulundurun. [C:\Antigravity Proje\KamatekCRM\KamatekCrm\KamatekCrm_q1la20rw_wpftmp.csproj]
C:\Antigravity Proje\KamatekCRM\KamatekCrm\ViewModels\AddProductViewModel.cs(36,16): warning CS8618: Null atanamaz alan '_newProduct', olu┼şturucudan ├ğ─▒k─▒┼ş yaparken null olmayan bir de─şer i├ğermelidir. 'Gerekli' de─şi┼ştiricisini ekleyin veya alan de─şerini null atanabilir olarak bildirmeyi g├Âz ├Ân├╝nde bulundurun. [C:\Antigravity Proje\KamatekCRM\KamatekCrm\KamatekCrm_q1la20rw_wpftmp.csproj]
C:\Antigravity Proje\KamatekCRM\KamatekCrm\Services\Domain\InventoryDomainService.cs(187,39): warning CS8601: Olas─▒ null ba┼şvuru atamas─▒. [C:\Antigravity Proje\KamatekCRM\KamatekCrm\KamatekCrm_q1la20rw_wpftmp.csproj]
C:\Antigravity Proje\KamatekCRM\KamatekCrm\Views\QuickAssetAddWindow.xaml.cs(82,36): warning CS8601: Olas─▒ null ba┼şvuru atamas─▒. [C:\Antigravity Proje\KamatekCRM\KamatekCrm\KamatekCrm_q1la20rw_wpftmp.csproj]
C:\Antigravity Proje\KamatekCRM\KamatekCrm\Views\QuickAssetAddWindow.xaml.cs(83,32): warning CS8601: Olas─▒ null ba┼şvuru atamas─▒. [C:\Antigravity Proje\KamatekCRM\KamatekCrm\KamatekCrm_q1la20rw_wpftmp.csproj]
C:\Antigravity Proje\KamatekCRM\KamatekCrm\ViewModels\FaultTicketViewModel.cs(401,40): warning CS8601: Olas─▒ null ba┼şvuru atamas─▒. [C:\Antigravity Proje\KamatekCRM\KamatekCrm\KamatekCrm_q1la20rw_wpftmp.csproj]
C:\Antigravity Proje\KamatekCRM\KamatekCrm\ViewModels\FaultTicketViewModel.cs(402,36): warning CS8601: Olas─▒ null ba┼şvuru atamas─▒. [C:\Antigravity Proje\KamatekCRM\KamatekCrm\KamatekCrm_q1la20rw_wpftmp.csproj]
C:\Antigravity Proje\KamatekCRM\KamatekCrm\ViewModels\AnalyticsViewModel.cs(112,88): warning CS8602: Olas─▒ bir null ba┼şvurunun ba┼şvurma i┼şlemi. [C:\Antigravity Proje\KamatekCRM\KamatekCrm\KamatekCrm_q1la20rw_wpftmp.csproj]
C:\Antigravity Proje\KamatekCRM\KamatekCrm\ViewModels\ServiceJobViewModel.cs(1238,40): warning CS8601: Olas─▒ null ba┼şvuru atamas─▒. [C:\Antigravity Proje\KamatekCRM\KamatekCrm\KamatekCrm_q1la20rw_wpftmp.csproj]
C:\Antigravity Proje\KamatekCRM\KamatekCrm\ViewModels\ServiceJobViewModel.cs(1239,36): warning CS8601: Olas─▒ null ba┼şvuru atamas─▒. [C:\Antigravity Proje\KamatekCRM\KamatekCrm\KamatekCrm_q1la20rw_wpftmp.csproj]
C:\Antigravity Proje\KamatekCRM\KamatekCrm\Helpers\EnumToVisibilityConverter.cs(15,33): warning CS8600: Null sabit de─şeri veya olas─▒ null de─şeri, bo┼ş de─şer atanamaz t├╝re d├Ân├╝┼şt├╝r├╝l├╝yor. [C:\Antigravity Proje\KamatekCRM\KamatekCrm\KamatekCrm.csproj]
C:\Antigravity Proje\KamatekCRM\KamatekCrm\Helpers\EnumToVisibilityConverter.cs(16,34): warning CS8600: Null sabit de─şeri veya olas─▒ null de─şeri, bo┼ş de─şer atanamaz t├╝re d├Ân├╝┼şt├╝r├╝l├╝yor. [C:\Antigravity Proje\KamatekCRM\KamatekCrm\KamatekCrm.csproj]
C:\Antigravity Proje\KamatekCRM\KamatekCrm\Helpers\EnumToVisibilityConverter.cs(19,20): warning CS8602: Olas─▒ bir null ba┼şvurunun ba┼şvurma i┼şlemi. [C:\Antigravity Proje\KamatekCRM\KamatekCrm\KamatekCrm.csproj]
C:\Antigravity Proje\KamatekCRM\KamatekCrm\Helpers\EnumToBooleanConverter.cs(15,33): warning CS8600: Null sabit de─şeri veya olas─▒ null de─şeri, bo┼ş de─şer atanamaz t├╝re d├Ân├╝┼şt├╝r├╝l├╝yor. [C:\Antigravity Proje\KamatekCRM\KamatekCrm\KamatekCrm.csproj]
C:\Antigravity Proje\KamatekCRM\KamatekCrm\Helpers\EnumToBooleanConverter.cs(16,34): warning CS8600: Null sabit de─şeri veya olas─▒ null de─şeri, bo┼ş de─şer atanamaz t├╝re d├Ân├╝┼şt├╝r├╝l├╝yor. [C:\Antigravity Proje\KamatekCRM\KamatekCrm\KamatekCrm.csproj]
C:\Antigravity Proje\KamatekCRM\KamatekCrm\Helpers\EnumToBooleanConverter.cs(18,20): warning CS8602: Olas─▒ bir null ba┼şvurunun ba┼şvurma i┼şlemi. [C:\Antigravity Proje\KamatekCRM\KamatekCrm\KamatekCrm.csproj]
C:\Antigravity Proje\KamatekCRM\KamatekCrm\Helpers\EnumToBooleanConverter.cs(27,34): warning CS8600: Null sabit de─şeri veya olas─▒ null de─şeri, bo┼ş de─şer atanamaz t├╝re d├Ân├╝┼şt├╝r├╝l├╝yor. [C:\Antigravity Proje\KamatekCRM\KamatekCrm\KamatekCrm.csproj]
C:\Antigravity Proje\KamatekCRM\KamatekCrm\Helpers\EnumToBooleanConverter.cs(30,47): warning CS8604: 'object Enum.Parse(Type enumType, string value)' i├ğindeki 'value' parametresi i├ğin olas─▒ null ba┼şvuru ba─ş─▒ms─▒z de─şi┼şkeni. [C:\Antigravity Proje\KamatekCRM\KamatekCrm\KamatekCrm.csproj]
C:\Antigravity Proje\KamatekCRM\KamatekCrm\Services\AttachmentService.cs(75,35): warning CS8601: Olas─▒ null ba┼şvuru atamas─▒. [C:\Antigravity Proje\KamatekCRM\KamatekCrm\KamatekCrm.csproj]
C:\Antigravity Proje\KamatekCRM\KamatekCrm\Services\AttachmentService.cs(118,35): warning CS8601: Olas─▒ null ba┼şvuru atamas─▒. [C:\Antigravity Proje\KamatekCRM\KamatekCrm\KamatekCrm.csproj]
C:\Antigravity Proje\KamatekCRM\KamatekCrm\ViewModels\AddProductViewModel.cs(85,25): warning CS8602: Olas─▒ bir null ba┼şvurunun ba┼şvurma i┼şlemi. [C:\Antigravity Proje\KamatekCRM\KamatekCrm\KamatekCrm.csproj]
C:\Antigravity Proje\KamatekCRM\KamatekCrm\ViewModels\AddProductViewModel.cs(36,16): warning CS8618: Null atanamaz alan '_currentSpecs', olu┼şturucudan ├ğ─▒k─▒┼ş yaparken null olmayan bir de─şer i├ğermelidir. 'Gerekli' de─şi┼ştiricisini ekleyin veya alan de─şerini null atanabilir olarak bildirmeyi g├Âz ├Ân├╝nde bulundurun. [C:\Antigravity Proje\KamatekCRM\KamatekCrm\KamatekCrm.csproj]
C:\Antigravity Proje\KamatekCRM\KamatekCrm\ViewModels\AddProductViewModel.cs(36,16): warning CS8618: Null atanamaz alan '_newProduct', olu┼şturucudan ├ğ─▒k─▒┼ş yaparken null olmayan bir de─şer i├ğermelidir. 'Gerekli' de─şi┼ştiricisini ekleyin veya alan de─şerini null atanabilir olarak bildirmeyi g├Âz ├Ân├╝nde bulundurun. [C:\Antigravity Proje\KamatekCRM\KamatekCrm\KamatekCrm.csproj]
C:\Antigravity Proje\KamatekCRM\KamatekCrm\Services\Domain\InventoryDomainService.cs(187,39): warning CS8601: Olas─▒ null ba┼şvuru atamas─▒. [C:\Antigravity Proje\KamatekCRM\KamatekCrm\KamatekCrm.csproj]
C:\Antigravity Proje\KamatekCRM\KamatekCrm\ViewModels\AnalyticsViewModel.cs(112,88): warning CS8602: Olas─▒ bir null ba┼şvurunun ba┼şvurma i┼şlemi. [C:\Antigravity Proje\KamatekCRM\KamatekCrm\KamatekCrm.csproj]
C:\Antigravity Proje\KamatekCRM\KamatekCrm\Views\QuickAssetAddWindow.xaml.cs(82,36): warning CS8601: Olas─▒ null ba┼şvuru atamas─▒. [C:\Antigravity Proje\KamatekCRM\KamatekCrm\KamatekCrm.csproj]
C:\Antigravity Proje\KamatekCRM\KamatekCrm\Views\QuickAssetAddWindow.xaml.cs(83,32): warning CS8601: Olas─▒ null ba┼şvuru atamas─▒. [C:\Antigravity Proje\KamatekCRM\KamatekCrm\KamatekCrm.csproj]
C:\Antigravity Proje\KamatekCRM\KamatekCrm\ViewModels\FaultTicketViewModel.cs(401,40): warning CS8601: Olas─▒ null ba┼şvuru atamas─▒. [C:\Antigravity Proje\KamatekCRM\KamatekCrm\KamatekCrm.csproj]
C:\Antigravity Proje\KamatekCRM\KamatekCrm\ViewModels\FaultTicketViewModel.cs(402,36): warning CS8601: Olas─▒ null ba┼şvuru atamas─▒. [C:\Antigravity Proje\KamatekCRM\KamatekCrm\KamatekCrm.csproj]
C:\Antigravity Proje\KamatekCRM\KamatekCrm\ViewModels\ServiceJobViewModel.cs(1238,40): warning CS8601: Olas─▒ null ba┼şvuru atamas─▒. [C:\Antigravity Proje\KamatekCRM\KamatekCrm\KamatekCrm.csproj]
C:\Antigravity Proje\KamatekCRM\KamatekCrm\ViewModels\ServiceJobViewModel.cs(1239,36): warning CS8601: Olas─▒ null ba┼şvuru atamas─▒. [C:\Antigravity Proje\KamatekCRM\KamatekCrm\KamatekCrm.csproj]
  KamatekCrm -> C:\Antigravity Proje\KamatekCRM\KamatekCrm\bin\Debug\net8.0-windows\KamatekCrm.dll

Olu┼şturma ba┼şar─▒l─▒ oldu.

C:\Antigravity Proje\KamatekCRM\KamatekCrm\Helpers\EnumToBooleanConverter.cs(15,33): warning CS8600: Null sabit de─şeri veya olas─▒ null de─şeri, bo┼ş de─şer atanamaz t├╝re d├Ân├╝┼şt├╝r├╝l├╝yor. [C:\Antigravity Proje\KamatekCRM\KamatekCrm\KamatekCrm_q1la20rw_wpftmp.csproj]
C:\Antigravity Proje\KamatekCRM\KamatekCrm\Helpers\EnumToBooleanConverter.cs(16,34): warning CS8600: Null sabit de─şeri veya olas─▒ null de─şeri, bo┼ş de─şer atanamaz t├╝re d├Ân├╝┼şt├╝r├╝l├╝yor. [C:\Antigravity Proje\KamatekCRM\KamatekCrm\KamatekCrm_q1la20rw_wpftmp.csproj]
C:\Antigravity Proje\KamatekCRM\KamatekCrm\Helpers\EnumToBooleanConverter.cs(18,20): warning CS8602: Olas─▒ bir null ba┼şvurunun ba┼şvurma i┼şlemi. [C:\Antigravity Proje\KamatekCRM\KamatekCrm\KamatekCrm_q1la20rw_wpftmp.csproj]
C:\Antigravity Proje\KamatekCRM\KamatekCrm\Helpers\EnumToVisibilityConverter.cs(15,33): warning CS8600: Null sabit de─şeri veya olas─▒ null de─şeri, bo┼ş de─şer atanamaz t├╝re d├Ân├╝┼şt├╝r├╝l├╝yor. [C:\Antigravity Proje\KamatekCRM\KamatekCrm\KamatekCrm_q1la20rw_wpftmp.csproj]
C:\Antigravity Proje\KamatekCRM\KamatekCrm\Helpers\EnumToVisibilityConverter.cs(16,34): warning CS8600: Null sabit de─şeri veya olas─▒ null de─şeri, bo┼ş de─şer atanamaz t├╝re d├Ân├╝┼şt├╝r├╝l├╝yor. [C:\Antigravity Proje\KamatekCRM\KamatekCrm\KamatekCrm_q1la20rw_wpftmp.csproj]
C:\Antigravity Proje\KamatekCRM\KamatekCrm\Helpers\EnumToVisibilityConverter.cs(19,20): warning CS8602: Olas─▒ bir null ba┼şvurunun ba┼şvurma i┼şlemi. [C:\Antigravity Proje\KamatekCRM\KamatekCrm\KamatekCrm_q1la20rw_wpftmp.csproj]
C:\Antigravity Proje\KamatekCRM\KamatekCrm\Helpers\EnumToBooleanConverter.cs(27,34): warning CS8600: Null sabit de─şeri veya olas─▒ null de─şeri, bo┼ş de─şer atanamaz t├╝re d├Ân├╝┼şt├╝r├╝l├╝yor. [C:\Antigravity Proje\KamatekCRM\KamatekCrm\KamatekCrm_q1la20rw_wpftmp.csproj]
C:\Antigravity Proje\KamatekCRM\KamatekCrm\Helpers\EnumToBooleanConverter.cs(30,47): warning CS8604: 'object Enum.Parse(Type enumType, string value)' i├ğindeki 'value' parametresi i├ğin olas─▒ null ba┼şvuru ba─ş─▒ms─▒z de─şi┼şkeni. [C:\Antigravity Proje\KamatekCRM\KamatekCrm\KamatekCrm_q1la20rw_wpftmp.csproj]
C:\Antigravity Proje\KamatekCRM\KamatekCrm\Services\AttachmentService.cs(75,35): warning CS8601: Olas─▒ null ba┼şvuru atamas─▒. [C:\Antigravity Proje\KamatekCRM\KamatekCrm\KamatekCrm_q1la20rw_wpftmp.csproj]
C:\Antigravity Proje\KamatekCRM\KamatekCrm\Services\AttachmentService.cs(118,35): warning CS8601: Olas─▒ null ba┼şvuru atamas─▒. [C:\Antigravity Proje\KamatekCRM\KamatekCrm\KamatekCrm_q1la20rw_wpftmp.csproj]
C:\Antigravity Proje\KamatekCRM\KamatekCrm\ViewModels\AddProductViewModel.cs(85,25): warning CS8602: Olas─▒ bir null ba┼şvurunun ba┼şvurma i┼şlemi. [C:\Antigravity Proje\KamatekCRM\KamatekCrm\KamatekCrm_q1la20rw_wpftmp.csproj]
C:\Antigravity Proje\KamatekCRM\KamatekCrm\ViewModels\AddProductViewModel.cs(36,16): warning CS8618: Null atanamaz alan '_currentSpecs', olu┼şturucudan ├ğ─▒k─▒┼ş yaparken null olmayan bir de─şer i├ğermelidir. 'Gerekli' de─şi┼ştiricisini ekleyin veya alan de─şerini null atanabilir olarak bildirmeyi g├Âz ├Ân├╝nde bulundurun. [C:\Antigravity Proje\KamatekCRM\KamatekCrm\KamatekCrm_q1la20rw_wpftmp.csproj]
C:\Antigravity Proje\KamatekCRM\KamatekCrm\ViewModels\AddProductViewModel.cs(36,16): warning CS8618: Null atanamaz alan '_newProduct', olu┼şturucudan ├ğ─▒k─▒┼ş yaparken null olmayan bir de─şer i├ğermelidir. 'Gerekli' de─şi┼ştiricisini ekleyin veya alan de─şerini null atanabilir olarak bildirmeyi g├Âz ├Ân├╝nde bulundurun. [C:\Antigravity Proje\KamatekCRM\KamatekCrm\KamatekCrm_q1la20rw_wpftmp.csproj]
C:\Antigravity Proje\KamatekCRM\KamatekCrm\Services\Domain\InventoryDomainService.cs(187,39): warning CS8601: Olas─▒ null ba┼şvuru atamas─▒. [C:\Antigravity Proje\KamatekCRM\KamatekCrm\KamatekCrm_q1la20rw_wpftmp.csproj]
C:\Antigravity Proje\KamatekCRM\KamatekCrm\Views\QuickAssetAddWindow.xaml.cs(82,36): warning CS8601: Olas─▒ null ba┼şvuru atamas─▒. [C:\Antigravity Proje\KamatekCRM\KamatekCrm\KamatekCrm_q1la20rw_wpftmp.csproj]
C:\Antigravity Proje\KamatekCRM\KamatekCrm\Views\QuickAssetAddWindow.xaml.cs(83,32): warning CS8601: Olas─▒ null ba┼şvuru atamas─▒. [C:\Antigravity Proje\KamatekCRM\KamatekCrm\KamatekCrm_q1la20rw_wpftmp.csproj]
C:\Antigravity Proje\KamatekCRM\KamatekCrm\ViewModels\FaultTicketViewModel.cs(401,40): warning CS8601: Olas─▒ null ba┼şvuru atamas─▒. [C:\Antigravity Proje\KamatekCRM\KamatekCrm\KamatekCrm_q1la20rw_wpftmp.csproj]
C:\Antigravity Proje\KamatekCRM\KamatekCrm\ViewModels\FaultTicketViewModel.cs(402,36): warning CS8601: Olas─▒ null ba┼şvuru atamas─▒. [C:\Antigravity Proje\KamatekCRM\KamatekCrm\KamatekCrm_q1la20rw_wpftmp.csproj]
C:\Antigravity Proje\KamatekCRM\KamatekCrm\ViewModels\AnalyticsViewModel.cs(112,88): warning CS8602: Olas─▒ bir null ba┼şvurunun ba┼şvurma i┼şlemi. [C:\Antigravity Proje\KamatekCRM\KamatekCrm\KamatekCrm_q1la20rw_wpftmp.csproj]
C:\Antigravity Proje\KamatekCRM\KamatekCrm\ViewModels\ServiceJobViewModel.cs(1238,40): warning CS8601: Olas─▒ null ba┼şvuru atamas─▒. [C:\Antigravity Proje\KamatekCRM\KamatekCrm\KamatekCrm_q1la20rw_wpftmp.csproj]
C:\Antigravity Proje\KamatekCRM\KamatekCrm\ViewModels\ServiceJobViewModel.cs(1239,36): warning CS8601: Olas─▒ null ba┼şvuru atamas─▒. [C:\Antigravity Proje\KamatekCRM\KamatekCrm\KamatekCrm_q1la20rw_wpftmp.csproj]
C:\Antigravity Proje\KamatekCRM\KamatekCrm\Helpers\EnumToVisibilityConverter.cs(15,33): warning CS8600: Null sabit de─şeri veya olas─▒ null de─şeri, bo┼ş de─şer atanamaz t├╝re d├Ân├╝┼şt├╝r├╝l├╝yor. [C:\Antigravity Proje\KamatekCRM\KamatekCrm\KamatekCrm.csproj]
C:\Antigravity Proje\KamatekCRM\KamatekCrm\Helpers\EnumToVisibilityConverter.cs(16,34): warning CS8600: Null sabit de─şeri veya olas─▒ null de─şeri, bo┼ş de─şer atanamaz t├╝re d├Ân├╝┼şt├╝r├╝l├╝yor. [C:\Antigravity Proje\KamatekCRM\KamatekCrm\KamatekCrm.csproj]
C:\Antigravity Proje\KamatekCRM\KamatekCrm\Helpers\EnumToVisibilityConverter.cs(19,20): warning CS8602: Olas─▒ bir null ba┼şvurunun ba┼şvurma i┼şlemi. [C:\Antigravity Proje\KamatekCRM\KamatekCrm\KamatekCrm.csproj]
C:\Antigravity Proje\KamatekCRM\KamatekCrm\Helpers\EnumToBooleanConverter.cs(15,33): warning CS8600: Null sabit de─şeri veya olas─▒ null de─şeri, bo┼ş de─şer atanamaz t├╝re d├Ân├╝┼şt├╝r├╝l├╝yor. [C:\Antigravity Proje\KamatekCRM\KamatekCrm\KamatekCrm.csproj]
C:\Antigravity Proje\KamatekCRM\KamatekCrm\Helpers\EnumToBooleanConverter.cs(16,34): warning CS8600: Null sabit de─şeri veya olas─▒ null de─şeri, bo┼ş de─şer atanamaz t├╝re d├Ân├╝┼şt├╝r├╝l├╝yor. [C:\Antigravity Proje\KamatekCRM\KamatekCrm\KamatekCrm.csproj]
C:\Antigravity Proje\KamatekCRM\KamatekCrm\Helpers\EnumToBooleanConverter.cs(18,20): warning CS8602: Olas─▒ bir null ba┼şvurunun ba┼şvurma i┼şlemi. [C:\Antigravity Proje\KamatekCRM\KamatekCrm\KamatekCrm.csproj]
C:\Antigravity Proje\KamatekCRM\KamatekCrm\Helpers\EnumToBooleanConverter.cs(27,34): warning CS8600: Null sabit de─şeri veya olas─▒ null de─şeri, bo┼ş de─şer atanamaz t├╝re d├Ân├╝┼şt├╝r├╝l├╝yor. [C:\Antigravity Proje\KamatekCRM\KamatekCrm\KamatekCrm.csproj]
C:\Antigravity Proje\KamatekCRM\KamatekCrm\Helpers\EnumToBooleanConverter.cs(30,47): warning CS8604: 'object Enum.Parse(Type enumType, string value)' i├ğindeki 'value' parametresi i├ğin olas─▒ null ba┼şvuru ba─ş─▒ms─▒z de─şi┼şkeni. [C:\Antigravity Proje\KamatekCRM\KamatekCrm\KamatekCrm.csproj]
C:\Antigravity Proje\KamatekCRM\KamatekCrm\Services\AttachmentService.cs(75,35): warning CS8601: Olas─▒ null ba┼şvuru atamas─▒. [C:\Antigravity Proje\KamatekCRM\KamatekCrm\KamatekCrm.csproj]
C:\Antigravity Proje\KamatekCRM\KamatekCrm\Services\AttachmentService.cs(118,35): warning CS8601: Olas─▒ null ba┼şvuru atamas─▒. [C:\Antigravity Proje\KamatekCRM\KamatekCrm\KamatekCrm.csproj]
C:\Antigravity Proje\KamatekCRM\KamatekCrm\ViewModels\AddProductViewModel.cs(85,25): warning CS8602: Olas─▒ bir null ba┼şvurunun ba┼şvurma i┼şlemi. [C:\Antigravity Proje\KamatekCRM\KamatekCrm\KamatekCrm.csproj]
C:\Antigravity Proje\KamatekCRM\KamatekCrm\ViewModels\AddProductViewModel.cs(36,16): warning CS8618: Null atanamaz alan '_currentSpecs', olu┼şturucudan ├ğ─▒k─▒┼ş yaparken null olmayan bir de─şer i├ğermelidir. 'Gerekli' de─şi┼ştiricisini ekleyin veya alan de─şerini null atanabilir olarak bildirmeyi g├Âz ├Ân├╝nde bulundurun. [C:\Antigravity Proje\KamatekCRM\KamatekCrm\KamatekCrm.csproj]
C:\Antigravity Proje\KamatekCRM\KamatekCrm\ViewModels\AddProductViewModel.cs(36,16): warning CS8618: Null atanamaz alan '_newProduct', olu┼şturucudan ├ğ─▒k─▒┼ş yaparken null olmayan bir de─şer i├ğermelidir. 'Gerekli' de─şi┼ştiricisini ekleyin veya alan de─şerini null atanabilir olarak bildirmeyi g├Âz ├Ân├╝nde bulundurun. [C:\Antigravity Proje\KamatekCRM\KamatekCrm\KamatekCrm.csproj]
C:\Antigravity Proje\KamatekCRM\KamatekCrm\Services\Domain\InventoryDomainService.cs(187,39): warning CS8601: Olas─▒ null ba┼şvuru atamas─▒. [C:\Antigravity Proje\KamatekCRM\KamatekCrm\KamatekCrm.csproj]
C:\Antigravity Proje\KamatekCRM\KamatekCrm\ViewModels\AnalyticsViewModel.cs(112,88): warning CS8602: Olas─▒ bir null ba┼şvurunun ba┼şvurma i┼şlemi. [C:\Antigravity Proje\KamatekCRM\KamatekCrm\KamatekCrm.csproj]
C:\Antigravity Proje\KamatekCRM\KamatekCrm\Views\QuickAssetAddWindow.xaml.cs(82,36): warning CS8601: Olas─▒ null ba┼şvuru atamas─▒. [C:\Antigravity Proje\KamatekCRM\KamatekCrm\KamatekCrm.csproj]
C:\Antigravity Proje\KamatekCRM\KamatekCrm\Views\QuickAssetAddWindow.xaml.cs(83,32): warning CS8601: Olas─▒ null ba┼şvuru atamas─▒. [C:\Antigravity Proje\KamatekCRM\KamatekCrm\KamatekCrm.csproj]
C:\Antigravity Proje\KamatekCRM\KamatekCrm\ViewModels\FaultTicketViewModel.cs(401,40): warning CS8601: Olas─▒ null ba┼şvuru atamas─▒. [C:\Antigravity Proje\KamatekCRM\KamatekCrm\KamatekCrm.csproj]
C:\Antigravity Proje\KamatekCRM\KamatekCrm\ViewModels\FaultTicketViewModel.cs(402,36): warning CS8601: Olas─▒ null ba┼şvuru atamas─▒. [C:\Antigravity Proje\KamatekCRM\KamatekCrm\KamatekCrm.csproj]
C:\Antigravity Proje\KamatekCRM\KamatekCrm\ViewModels\ServiceJobViewModel.cs(1238,40): warning CS8601: Olas─▒ null ba┼şvuru atamas─▒. [C:\Antigravity Proje\KamatekCRM\KamatekCrm\KamatekCrm.csproj]
C:\Antigravity Proje\KamatekCRM\KamatekCrm\ViewModels\ServiceJobViewModel.cs(1239,36): warning CS8601: Olas─▒ null ba┼şvuru atamas─▒. [C:\Antigravity Proje\KamatekCRM\KamatekCrm\KamatekCrm.csproj]
    42 Uyar─▒
    0 Hata

Ge├ğen S├╝re 00:00:04.57
